{
  "FOOTER-DEFAULT": {
    "hdrFtrRef": "DEFAULT",
    "paragraphs": [
      [
        {
          "value": "Feature 1(b) - Standard footer",
          "formats": "_"
        },
        {
          "image": "iVBORw0KGgoAAAANSUhEUgAAADQAAAAwCAYAAABe6Vn9AAAAAXNSR0IArs4c6QAAAARnQU1BAACxjwv8YQUAAAAJcEhZcwAAEE0AABBNAWeMAeAAAAomSURBVGhDzZp7bFP3Fce/ThwcO07ivB8OISThEZoSxigJEwGVh1SJqtUoErCydW3RSum0rUwrfwyVh1o0WKESWss0QQtSFQZaW6AI2AhMLYIgoKiUQYNLHn6E2A6Ok9ixHTu2d8691yUkTuLrBMoHrpL8Tn6+53t/55zf+V1QhAmMkUAggHCIPkYhDYwBdkelUkk/yWfMgnp7e2FvtyMvIw8JCQnSaJzQA7E5bNDqtMjKypIG5TEmQSymo70Daflp2HhmI4L+IBQJ8S+Tq9+F/cv3w21zIyE5AXm5eZIlduIW5PF40G5pR9nUMpS/X44mUxMwQTLGSz9dagq7d8KwmqxQpiiRnZUt2mIkLkFutxtOmxNFxUXI3ZWLex33gHQyhMchifrInQB91F/DsBltSExJRHZ27KJkBz2vTHdHNxIyElC9vxr3HOMohlHR5yQC+h1FQAYQ8oZw7x7dI0ZkCfJ6vbC12aDJ1mDFv1bgSvMVQEuG8RITQa3AXUcbqv9RA3WOGn63P2ZRMYec1+dFW0sbyivKUfm3StxsvSmKUYyzmIF4wlBrNPBs7kVbaxtUWtWo4ReTIA4zrmZFk4pQ+F4h7HY7kEaGhykmglfKqV2UUybKKc3IOTVqyHm8HqEAKHVK/GzfPNgdJEZHhkchhqHw4+pZ8JcChHQhBD1BOBwOyTiUEQX5fD5YzVYkZSZh9dHVuPywcmY0kgGr04oF+xYIvoyUU8OGnN/vR+udVkydMRVPUs78z0g5k0KGR7UyQyA3PbRgyWp4tnpgabFAo9MgMyNTsotEFcQ5Y2+zo3hyMSa+PxF3794VSugjX5khkKs++sI59R5tvkaKHm3SA23SkJDjMOu0diJBl4AFH9firvVxEcOQD8l0JQETd05EIC2A/t5+OJ1OyR5FUHtbO/waP9Z+sRYXDBfFavZYiBkA5ZTFYcGSA0vQNaELvT29kiGKoFB/CNaAFWcMZ4S+SngqMcGRO/CSg9w55JMGMDQbcKfrDlLUnNwiQwQpKOn5GJCopP4jFi18DvLR5aXv+eIY56+0KSIwgqNBnkMX/15kDv/MvVxMez05pxT9HciQotBsaIY9xY75e+cjmBgkycOo4uFemkofurz858hMy0JqciqUCiV8QR+cPU5cab+C29bbQ8OWHFcmKbFs8jLo0nTI1xbA2+9Bj6cHlk4L6pvqqaej30sa5t4RusI4ue4kajJqkJHLiS64Ewd8n54wqvKrsG3ZNjxX8Zw4PghTlwlb/70FHzV8DHB15UfnDqOyoBIfLv8QtSW1wu8NpK+/D5988wn+cPz3cPdRbnCzKoMRN9ZhoSdckVOBw786PKwYplhXjP0rP0KylrKYw48vuuONDTeiimFUShVenfMqDq3+Jz03EsOhKQP5gjhC6T5vLX0L03KnSYNA3Td1SNmshWKjAkeuHRbGwvQnEAzgy7VfAt00QJdzU6dgi3Ch6QLmfTAPLx95GUaHURoFnq14FjuW7BA2U3FpY0O+IDpVztTNxJqqNdIAcMV0BS/ufxEeP4VICFh5YBW2ndqGl+p+japdVaj+e7XQZVRNrYIi6f4tTxtOY/6e+bhkvIQD5w9g8b7FsLqtkhWYWzKXcpNilVI5VuQLIoezUrOgTLyffvXfUxJzqNNQTUkNnprylLBiX5uuQpWoQnURCfIDtfpapKv4NCjy2Y3PxOTX0mRqoJssTTA7zKKReCLvCeSoyCAj6uIIOfJb/WAtMXZTqLBjbuDIL47g/OvncXXDVVx68xIafteAg6sOCu1KmprK3YAcD/eL4Ss4zOWXHlZ3gGNTJDslGymJ3A3HjnxBfF/afAeSxKvFQxQaOo1OSGytSotUVSqSk5KRMoHijezB/kGxM0CcKIpEK7nGi7j6XOgL9Uk/xYZ8QTTD3U1LMYDFJYvF5CW/t9RvwfpP1+NgA62KRChEakhz473vhLIcoTCjUAhFodD46aLdX60W2hMBo9OIrkDXg8JHQb4gaiBaPM24bL4sDZCg6Uuw8KcLqYQBu+t2Y2/9XvTyHvID5CyF5DHDcbgD9x/GhtoNeP7J5wE+2pDOt5e8jRk5M0Qj8VXrV2hzt8nyMq4Vsvd04Ivrx6UBCKF1+qXTMGw1oHF3Iyw7LVi3cJ1kpWZdQ5WK39nRKm4/t10cJNKT01H3yzrc2XYHxk1GbF66GYkJ9MQILvdHbxwVQ1nGGUy+IF5/Cq13/vMu9pzfI41RA0y5MiVvCqblTYM+VU8dk/jRTq8TS/ctFVaAK9nuT3ej7utDgo3RJGlQllkmbMKROd2+Hrxy6BWcuUENcoqMeCPi7+WYjjBemPsCVs1ejQJtvlDFguEgfH4f2nracM18DdvP0oqwn0JDTJ+loNtRiK2sXokVlStQqCtEikowCuIdPQ78uX4TbpsaaX+g33/Au0FE6eXGJojvxsWAwiIzLQNptMcIggI+dFBYCuFCiY7EwZ9B8zjF6EtmeqZQBRXUvHb6OsWCQ52SsA2MVg2iCIoaclyVgqFYtme6oYYuesCdASdae1phdpvR4ScxLCSVbEPEMDxHmufvhNllhsltgjtIYrhqCw1ptHmDoAcWCvNTu88QQSxEm6SFLlknbIYjr7kEJy07zu2+Uvo+lkSOzOM5cuYx3OjSUZzDvD/Ab/lFhgjSZelQoijB52s+R5KSZvA+8bjBHTj5dWLtCSHcvP18OhQZIignJweugAs1uhpcfp32Gs4RmS38Q4VT3gGcfe0snpn4DEx2E4onFUvGYXJIX6SH3W3H9AnTcXsTnThtNMh9Vyzh9zBhMS3Af/90DosmLYLBZEBZeZlkFIn6Xi5CS2sLClIL0J7YjtIdpaJ84R+1Yozz8YQfKFVGbnirC6px/eZ1VFVVScb7RF2hCJNLJsPmtqEgWICG9Q20i1ND9mPkVCRnXjuBOdlz8O3Nb6OKYUZcoQgWiwW5mlzc8n+Hn+yYJb7f5qr0SCD3KORPvXkKiwoWwWw1DwmzgcQkiGltbRV29XZFO0r+WALk0+Bob2XGCrvWCpzbfBZP6xehsakR0yumS8boxCyIaW5uRmF6ITpVndBv14upNOEhieJ9hnLm4oaLmJc/D9duXMPs2bMl4/CMmEODKS0tFc78Wf4sXH7jsngM53PMeMMFgDb1Y785hlnps3Dr+1sxiWFkrVAEi9mMXGpGb/c1YubOmWJORW1x4oHcoeb15G9PojavFtYOK8qnlEu20YlLEMM5pdfp0TmhE/lvUEIV0aCs9R6GFqB+yzk8XbgQhhbDqDkzmLgFMXeamjAxQ4+eZBdK3y1FujJdzlnsAdgJl8eF4+uPY2H+Qly/HX2fGY0xCWJaWpqhU2cgIysD3j7vD4c0uXDXrFap4XK5YLxrRGVlpWSRx5gFMTa7DVq1VhDDb0vjQXjtS3+dXU4U6gul0ZHp6+sT/lcLTwyF+hEMhsZH0I8Fn9uEN0oEywiHw/g/h4QgKkhCX7AAAAAASUVORK5CYII\u003d",
          "properties": {
            "cmSize": 0.0
          }
        }
      ],
      [
        null,
        {
          "value": "Footer Line 2",
          "formats": "_"
        }
      ],
      [
        {
          "value": "Footer Line 3",
          "formats": "_"
        },
        {
          "value": "{PageNo}",
          "formats": "_"
        }
      ]
    ]
  },
  "HEADER-FIRST": {
    "hdrFtrRef": "FIRST",
    "paragraphs": [
      [
        {
          "image": "/9j/4AAQSkZJRgABAQEAagBqAAD/4QAiRXhpZgAATU0AKgAAAAgAAQESAAMAAAABAAEAAAAAAAD/2wBDAAIBAQIBAQICAgICAgICAwUDAwMDAwYEBAMFBwYHBwcGBwcICQsJCAgKCAcHCg0KCgsMDAwMBwkODw0MDgsMDAz/2wBDAQICAgMDAwYDAwYMCAcIDAwMDAwMDAwMDAwMDAwMDAwMDAwMDAwMDAwMDAwMDAwMDAwMDAwMDAwMDAwMDAwMDAz/wAARCAAjADsDASIAAhEBAxEB/8QAHwAAAQUBAQEBAQEAAAAAAAAAAAECAwQFBgcICQoL/8QAtRAAAgEDAwIEAwUFBAQAAAF9AQIDAAQRBRIhMUEGE1FhByJxFDKBkaEII0KxwRVS0fAkM2JyggkKFhcYGRolJicoKSo0NTY3ODk6Q0RFRkdISUpTVFVWV1hZWmNkZWZnaGlqc3R1dnd4eXqDhIWGh4iJipKTlJWWl5iZmqKjpKWmp6ipqrKztLW2t7i5usLDxMXGx8jJytLT1NXW19jZ2uHi4+Tl5ufo6erx8vP09fb3+Pn6/8QAHwEAAwEBAQEBAQEBAQAAAAAAAAECAwQFBgcICQoL/8QAtREAAgECBAQDBAcFBAQAAQJ3AAECAxEEBSExBhJBUQdhcRMiMoEIFEKRobHBCSMzUvAVYnLRChYkNOEl8RcYGRomJygpKjU2Nzg5OkNERUZHSElKU1RVVldYWVpjZGVmZ2hpanN0dXZ3eHl6goOEhYaHiImKkpOUlZaXmJmaoqOkpaanqKmqsrO0tba3uLm6wsPExcbHyMnK0tPU1dbX2Nna4uPk5ebn6Onq8vP09fb3+Pn6/9oADAMBAAIRAxEAPwD9/KKCdoyeleJ/FP8Aa4/4QD4naDo9npv9taVqOsxaffXmmRT6hc2Eclq8qt9mgRncM4RfMXKqrMSPkNefmOaYbAwjPEy5VJqK9Xt/wXsup1YXB1sTJwoq7Sb+S/rRbvoexx6xaS3txbLdW7XFmqvPEJAXgVslSw6qDg4J64PoacdTt/7N+2CaNrXy/O81WyhTGdwPQjHOa+P/ANuT4UfEL4saLPounWOmf8JR4kvwdLii1B47G4tYUSV4ZZcI+cQDdlQCZBtJxx6/8Wrbx1qfw+026kitdB0NIFTxBotg8bXEEQyJfLuThZINuPlRIpdmSDu/d185T4qrueJUsLO1G1mk/evrqmko8qcW1dyad0rI9SWTU1ClJVo3ne6utLW7Xbu7paJJqzep6Z8PvHtl8R/DSalZLPEvmPDNBOmya2lQ4ZHX17gjIZWVlJVlJ3FYOuRyD0NfmZ4k8WaR8Uf+CjPhPwn4mm1ay8F6k10Jc74rXVpyRHHbnt5byfIxHJPy/KCTX2t40+NOq/DT4sSQzJYXHhGEQw3UW0x3VgZEBSaNs7XQFWDRsFIB3K/y+W/BkHHUMVhZYjGRUYxmocyle7s3zONlyxdtNZddkmzqzThuVCcIUW25RcrNWsr2snfV99F06s9dor570P8A4KGeHfiZ8adL8C+CdN1DXNSutQNvd3Vwv2W3tbdFLyzqDl3wowFZUBLDnsfoSvrsrzrBZjGc8DUVSMXytra9r2T2ejW11qeLjcuxODcY4mDi5K6T3t3tuvmee+KE1L4n+MNQ0GF7E+Fbe3Nnqfm2UqXUd3mKVfLdyI5IzE+0hUYbi2ZAUMba/wANfg9pHwz8HaBo9qk93H4ajaKwnu55LieFWBUgPIzMBtO3aDtAAChVCqOrorSnltJVnianvTel30V00l6NJ+uqtolnLFTdNUo6R7d3a138m16DTCpkV9q7lGAccgen6D8qq+IdEh8S6De6dcGRbe/ge3kKHDBXUqcH1wauUV21KcZxcJK6ej8znjJxaa3RwXjzwrF4E+Dn9keHPBdv4qislSO20ieaPy3+bcZJHnJ3sGy5Y7nducliWr5+m1281Pw54wPiyTWY/FDSG6vI9RsZLUJEhKpHbLsWOSCMOEV4jJknLyO5LH6+rzP9pz4T6l8UPCdsmh/Y49ZhaS2ilulLQxRzJtZnC4LKrrFIVBBbytuRncPhOMOHa2Iwzr4OTbjGypJLlfS6sk7pN2u2lskrtn0OS5pCnUVOsl7zu5tu/fW7atda2SfVt2R+bP7Ef7Uln+zr+3N4s1TxJo840PxBp6W63qxMzaTGkm7zBx8ykHL45PGMgYr9bNP1CDVrCG6tZobm1uY1lhmicPHKjDKsrDgggggjgisbwl8M9H8HeGbHS7ezgmhsbRLMSzwo0syKoX5yFAJOOeAMk8DpW3a2sVjbpDDHHDDGNqIihVUegA4FdXBfDeKyXDPDVqsZQdmko2cXbVXu7r5J/fZHEWcUMxqxrU6bjJKzbd00ttLaP5v/ADkooor7Q+cCiiigAooooAKKKKAP/9k\u003d",
          "properties": {
            "cmSize": 0.0
          }
        },
        {
          "value": "Feature 1(a) - Standard Header",
          "formats": "_"
        }
      ],
      [
        {
          "value": "Header Line 2",
          "formats": "_"
        },
        null
      ],
      [
        null,
        {
          "value": "Header Line 3",
          "formats": "_"
        }
      ]
    ]
  }
}